// Jest Snapshot v1, https://goo.gl/fbAQLP

exports[`Format apex: AnnotatedClassFormat.cls: AnnotatedClassFormat.cls 1`] = `
@isTest class AnnotatedClassFormat
{}

~~~~~~~~~~~~~~~~~~~~~~~~~~~~~~~~~~~~~~~~~~~~~~~~~~~~~~~~~~~~~~~~~~~~~~~~~~~~~~~~
@IsTest
class AnnotatedClassFormat {
}

`;
