// Jest Snapshot v1, https://goo.gl/fbAQLP

exports[`Format apex-anonymous: AnonymousBlock.cls: AnonymousBlock.cls 1`] = `

// Leading Inline Comment in Anonymous Block

/* Leading Block Comment in Anonymous Block */

String someVariable = '';

System.debug('Hello World');
System.debug('Hi');

with sharing public class SomeClass {
    
}

// Trailing Inline Comment in Anonymous Block

/* Trailing Block Comment in Anonymous Block */
~~~~~~~~~~~~~~~~~~~~~~~~~~~~~~~~~~~~~~~~~~~~~~~~~~~~~~~~~~~~~~~~~~~~~~~~~~~~~~~~
// Leading Inline Comment in Anonymous Block

/* Leading Block Comment in Anonymous Block */

String someVariable = '';

System.debug('Hello World');
System.debug('Hi');

public with sharing class SomeClass {
}

// Trailing Inline Comment in Anonymous Block

/* Trailing Block Comment in Anonymous Block */

`;
